frozen_pizza.csv
store_name,state,store_id,category,week_end_date,sales,price,base_price,feature,display,tpr_only
HYDE PARK,OH,24991,FROZEN PIZZA,14-Jan-09,1361.53,5.26,5.57,0.33,0,0.33
HYDE PARK,OH,24991,FROZEN PIZZA,21-Jan-09,1394.64,5.26,5.57,0.33,0,0.33
HYDE PARK,OH,24991,FROZEN PIZZA,28-Jan-09,850.39,5.34,5.56,0.33,0,0
HYDE PARK,OH,24991,FROZEN PIZZA,04-Feb-09,1137.91,5.33,5.57,0,0,0.33
HYDE PARK,OH,24991,FROZEN PIZZA,11-Feb-09,1380.6,5.1,5.58,0.33,0,0
HYDE PARK,OH,24991,FROZEN PIZZA,18-Feb-09,1225.4,5.06,5.55,0,0,0.33
HYDE PARK,OH,24991,FROZEN PIZZA,25-Feb-09,867.39,5.7,5.7,0,0,0
HYDE PARK,OH,24991,FROZEN PIZZA,04-Mar-09,401.72,5.71,5.71,0,0,0
HYDE PARK,OH,24991,FROZEN PIZZA,11-Mar-09,1267.16,4.76,5.6,0.33,0,0.11
HYDE PARK,OH,24991,FROZEN PIZZA,18-Mar-09,1363.13,4.78,5.57,0.33,0.22,0
HYDE PARK,OH,24991,FROZEN PIZZA,25-Mar-09,1236.99,4.8,5.6,0,0,0.33
HYDE PARK,OH,24991,FROZEN PIZZA,01-Apr-09,987.8,5.26,5.44,0.33,0.22,0
HYDE PARK,OH,24991,FROZEN PIZZA,08-Apr-09,1060.89,5.29,5.47,0.33,0.22,0
HYDE PARK,OH,24991,FROZEN PIZZA,15-Apr-09,939.8,5.33,5.55,0.33,0.22,0
HYDE PARK,OH,24991,FROZEN PIZZA,22-Apr-09,862.49,5.29,5.55,0,0.33,0
HYDE PARK,OH,24991,FROZEN PIZZA,29-Apr-09,736.38,5.35,5.57,0,0.33,0
HYDE PARK,OH,24991,FROZEN PIZZA,06-May-09,710.93,5.33,5.55,0.33,0.22,0
HYDE PARK,OH,24991,FROZEN PIZZA,13-May-09,793.45,5.33,5.56,0.33,0.33,0
HYDE PARK,OH,24991,FROZEN PIZZA,20-May-09,721.17,5.52,5.52,0,0,0
HYDE PARK,OH,24991,FROZEN PIZZA,27-May-09,719.64,5.22,5.56,0.33,0.22,0
HYDE PARK,OH,24991,FROZEN PIZZA,03-Jun-09,707.84,5.18,5.54,0.33,0.11,0
HYDE PARK,OH,24991,FROZEN PIZZA,10-Jun-09,713.86,5.48,5.48,0,0,0
HYDE PARK,OH,24991,FROZEN PIZZA,17-Jun-09,542.95,5.56,5.56,0,0,0
HYDE PARK,OH,24991,FROZEN PIZZA,24-Jun-09,615.32,5.56,5.56,0,0,0
HYDE PARK,OH,24991,FROZEN PIZZA,01-Jul-09,580.33,5.22,5.57,0,0,0.44
HYDE PARK,OH,24991,FROZEN PIZZA,08-Jul-09,844.66,4.74,5.56,0.33,0.33,0.44
HYDE PARK,OH,24991,FROZEN PIZZA,15-Jul-09,969.02,4.78,5.57,0.33,0.11,0.44
HYDE PARK,OH,24991,FROZEN PIZZA,22-Jul-09,515.74,5.66,5.95,0,0,0.33
HYDE PARK,OH,24991,FROZEN PIZZA,29-Jul-09,587.45,5.81,5.96,0,0,0.22
HYDE PARK,OH,24991,FROZEN PIZZA,05-Aug-09,516.38,5.94,5.94,0,0,0
HYDE PARK,OH,24991,FROZEN PIZZA,12-Aug-09,539.65,5.94,5.94,0,0,0
HYDE PARK,OH,24991,FROZEN PIZZA,19-Aug-09,454.03,5.9,5.9,0,0,0
HYDE PARK,OH,24991,FROZEN PIZZA,26-Aug-09,720.35,5.32,5.9,0.67,0.56,0
HYDE PARK,OH,24991,FROZEN PIZZA,02-Sep-09,752.24,5.32,5.9,0,0.67,0
HYDE PARK,OH,24991,FROZEN PIZZA,09-Sep-09,568.63,6.16,6.16,0,0,0
HYDE PARK,OH,24991,FROZEN PIZZA,16-Sep-09,680.75,6.16,6.22,0,0,0.11
HYDE PARK,OH,24991,FROZEN PIZZA,23-Sep-09,1244.99,5.06,6.21,0.33,0.33,0.22
HYDE PARK,OH,24991,FROZEN PIZZA,30-Sep-09,1074.26,5.09,6.22,0.33,0.33,0.11
HYDE PARK,OH,24991,FROZEN PIZZA,07-Oct-09,911.1,5.17,6.09,0,0.33,0.11
HYDE PARK,OH,24991,FROZEN PIZZA,14-Oct-09,1273.92,4.76,6.04,0.33,0.56,0
HYDE PARK,OH,24991,FROZEN PIZZA,21-Oct-09,1136.22,5.55,6.01,0.33,0.33,0
HYDE PARK,OH,24991,FROZEN PIZZA,28-Oct-09,726.1,5.98,5.98,0,0,0
HYDE PARK,OH,24991,FROZEN PIZZA,04-Nov-09,680.76,5.82,5.99,0,0,0.22
HYDE PARK,OH,24991,FROZEN PIZZA,11-Nov-09,758.69,6.02,6.02,0,0,0
HYDE PARK,OH,24991,FROZEN PIZZA,18-Nov-09,1412.44,5.2,6.05,0.33,0.33,0.22
HYDE PARK,OH,24991,FROZEN PIZZA,25-Nov-09,1083.88,5.21,6.03,0,0.33,0.22
HYDE PARK,OH,24991,FROZEN PIZZA,02-Dec-09,815.42,5.11,6.01,0,0.33,0.22
HYDE PARK,OH,24991,FROZEN PIZZA,09-Dec-09,892.4,5.99,5.99,0,0,0
HYDE PARK,OH,24991,FROZEN PIZZA,16-Dec-09,1101.65,5.45,6.05,0.33,0.33,0
HYDE PARK,OH,24991,FROZEN PIZZA,23-Dec-09,1116.4,5.43,6.05,0,0.33,0
HYDE PARK,OH,24991,FROZEN PIZZA,30-Dec-09,805.69,5.45,6.05,0.33,0.33,0
HYDE PARK,OH,24991,FROZEN PIZZA,06-Jan-10,2141.17,4.66,6.05,0.67,0.67,0
HYDE PARK,OH,24991,FROZEN PIZZA,13-Jan-10,2100.53,4.67,6.05,0.33,0.56,0
HYDE PARK,OH,24991,FROZEN PIZZA,20-Jan-10,933.06,5.41,6.02,0,0.33,0
HYDE PARK,OH,24991,FROZEN PIZZA,27-Jan-10,1146.61,5.39,6.04,0.33,0,0
HYDE PARK,OH,24991,FROZEN PIZZA,03-Feb-10,680.61,5.85,5.85,0,0,0
HYDE PARK,OH,24991,FROZEN PIZZA,10-Feb-10,960.69,5.99,5.99,0,0,0
HYDE PARK,OH,24991,FROZEN PIZZA,17-Feb-10,883.51,6,6,0,0,0
HYDE PARK,OH,24991,FROZEN PIZZA,24-Feb-10,860.43,5.98,5.98,0,0,0
HYDE PARK,OH,24991,FROZEN PIZZA,03-Mar-10,1024.16,5.47,5.9,0.33,0.11,0
HYDE PARK,OH,24991,FROZEN PIZZA,10-Mar-10,1182.3,5,5.89,0.33,0.11,0.11
HYDE PARK,OH,24991,FROZEN PIZZA,17-Mar-10,374.84,5.16,6.1,0.38,0.25,0
HYDE PARK,OH,24991,FROZEN PIZZA,24-Mar-10,1077.01,5.11,5.95,0.33,0.33,0
HYDE PARK,OH,24991,FROZEN PIZZA,31-Mar-10,1139.35,5.43,6.1,0.27,0.27,0
HYDE PARK,OH,24991,FROZEN PIZZA,07-Apr-10,1014.85,5.41,6.05,0.27,0.55,0
HYDE PARK,OH,24991,FROZEN PIZZA,14-Apr-10,681.73,5.78,6.1,0,0.27,0
HYDE PARK,OH,24991,FROZEN PIZZA,21-Apr-10,819.11,5.82,6.1,0,0.27,0
HYDE PARK,OH,24991,FROZEN PIZZA,28-Apr-10,654.23,6.03,6.09,0,0,0.09
HYDE PARK,OH,24991,FROZEN PIZZA,05-May-10,1104.01,5.73,6.07,0.27,0,0
HYDE PARK,OH,24991,FROZEN PIZZA,12-May-10,917.78,5.72,6.07,0,0.18,0.09
HYDE PARK,OH,24991,FROZEN PIZZA,19-May-10,685.81,6.04,6.04,0,0,0
HYDE PARK,OH,24991,FROZEN PIZZA,26-May-10,582.27,6.08,6.08,0,0,0
HYDE PARK,OH,24991,FROZEN PIZZA,02-Jun-10,722.71,6,6,0,0,0
HYDE PARK,OH,24991,FROZEN PIZZA,09-Jun-10,761.88,5.93,6.01,0,0,0.09
HYDE PARK,OH,24991,FROZEN PIZZA,16-Jun-10,1428.38,5.46,5.99,0.27,0.09,0
HYDE PARK,OH,24991,FROZEN PIZZA,23-Jun-10,1100.21,5.48,6.02,0.27,0.18,0
HYDE PARK,OH,24991,FROZEN PIZZA,30-Jun-10,699.28,5.82,5.82,0,0,0
HYDE PARK,OH,24991,FROZEN PIZZA,07-Jul-10,826.21,5.87,5.87,0,0,0
HYDE PARK,OH,24991,FROZEN PIZZA,14-Jul-10,1318.41,5.23,5.86,0.27,0.09,0.09
HYDE PARK,OH,24991,FROZEN PIZZA,21-Jul-10,1030.31,5.59,5.83,0,0,0.27
HYDE PARK,OH,24991,FROZEN PIZZA,28-Jul-10,708.96,5.94,6.16,0,0,0.27
HYDE PARK,OH,24991,FROZEN PIZZA,04-Aug-10,924.08,5.96,6.17,0,0,0.27
HYDE PARK,OH,24991,FROZEN PIZZA,11-Aug-10,856.51,5.95,6.16,0,0,0.27
HYDE PARK,OH,24991,FROZEN PIZZA,18-Aug-10,1152.18,5.4,6.16,0.27,0.09,0.27
HYDE PARK,OH,24991,FROZEN PIZZA,25-Aug-10,1209.47,5.38,6.08,0.27,0.18,0.18
HYDE PARK,OH,24991,FROZEN PIZZA,01-Sep-10,846.53,5.39,5.93,0,0,0.27
HYDE PARK,OH,24991,FROZEN PIZZA,08-Sep-10,916.89,5.38,5.93,0,0,0.27
HYDE PARK,OH,24991,FROZEN PIZZA,15-Sep-10,1147.36,5.4,5.95,0,0,0.27
HYDE PARK,OH,24991,FROZEN PIZZA,22-Sep-10,1387.57,5.34,5.94,0.27,0.27,0
HYDE PARK,OH,24991,FROZEN PIZZA,29-Sep-10,1154.5,4.75,5.93,0.27,0.27,0.27
HYDE PARK,OH,24991,FROZEN PIZZA,06-Oct-10,1133.53,4.6,5.93,0.27,0.27,0.55
HYDE PARK,OH,24991,FROZEN PIZZA,13-Oct-10,1423.84,5.09,5.9,0.27,0.27,0.18
HYDE PARK,OH,24991,FROZEN PIZZA,20-Oct-10,1101.91,5.07,5.88,0.27,0.09,0.18
HYDE PARK,OH,24991,FROZEN PIZZA,27-Oct-10,1120.02,5.09,5.87,0.27,0.27,0.18
HYDE PARK,OH,24991,FROZEN PIZZA,03-Nov-10,1273.81,5.13,5.9,0.27,0.27,0.18
HYDE PARK,OH,24991,FROZEN PIZZA,10-Nov-10,1049.13,5.78,5.9,0,0,0.18
HYDE PARK,OH,24991,FROZEN PIZZA,17-Nov-10,1098.56,5.78,5.78,0,0,0
HYDE PARK,OH,24991,FROZEN PIZZA,24-Nov-10,1142.36,5.37,5.75,0.27,0.09,0
HYDE PARK,OH,24991,FROZEN PIZZA,01-Dec-10,904.5,5.41,5.8,0.27,0,0
HYDE PARK,OH,24991,FROZEN PIZZA,08-Dec-10,2014.15,4.95,5.78,0,0.27,0.18
HYDE PARK,OH,24991,FROZEN PIZZA,15-Dec-10,1852.63,4.94,5.79,0.55,0.27,0.18
HYDE PARK,OH,24991,FROZEN PIZZA,22-Dec-10,1090.38,5.78,5.79,0,0.18,0
HYDE PARK,OH,24991,FROZEN PIZZA,29-Dec-10,1046.03,5.76,5.77,0,0.18,0
HYDE PARK,OH,24991,FROZEN PIZZA,05-Jan-11,1040.99,5.77,5.77,0,0.18,0
HYDE PARK,OH,24991,FROZEN PIZZA,12-Jan-11,1221.66,5.77,5.77,0,0.27,0
HYDE PARK,OH,24991,FROZEN PIZZA,19-Jan-11,1310.57,5.68,6.28,0,0.27,0
HYDE PARK,OH,24991,FROZEN PIZZA,26-Jan-11,618.73,5.71,6.31,0.27,0,0
HYDE PARK,OH,24991,FROZEN PIZZA,02-Feb-11,1308.82,5.68,6.23,0,0.27,0
HYDE PARK,OH,24991,FROZEN PIZZA,09-Feb-11,1956.28,5.7,6.24,0.27,0.18,0
HYDE PARK,OH,24991,FROZEN PIZZA,16-Feb-11,1193.3,5.74,6.21,0,0.27,0
HYDE PARK,OH,24991,FROZEN PIZZA,23-Feb-11,1097.84,5.81,6.3,0.27,0.27,0
HYDE PARK,OH,24991,FROZEN PIZZA,02-Mar-11,1279.52,5.88,6.31,0,0.08,0.17
HYDE PARK,OH,24991,FROZEN PIZZA,09-Mar-11,1686.91,5.32,6.28,0.25,0.25,0.25
HYDE PARK,OH,24991,FROZEN PIZZA,16-Mar-11,1630.98,5.37,6.33,0.25,0.17,0.25
HYDE PARK,OH,24991,FROZEN PIZZA,23-Mar-11,1389.18,5.37,6.32,0.25,0.08,0.25
HYDE PARK,OH,24991,FROZEN PIZZA,30-Mar-11,1348.93,5.36,6.32,0.25,0.17,0.25
HYDE PARK,OH,24991,FROZEN PIZZA,06-Apr-11,757.67,6.05,6.13,0,0,0.08
HYDE PARK,OH,24991,FROZEN PIZZA,13-Apr-11,1006.43,6.05,6.05,0,0,0
HYDE PARK,OH,24991,FROZEN PIZZA,20-Apr-11,588.01,6.06,6.06,0,0,0
HYDE PARK,OH,24991,FROZEN PIZZA,27-Apr-11,878.78,6.06,6.06,0,0,0
HYDE PARK,OH,24991,FROZEN PIZZA,04-May-11,1320.74,5.34,6.06,0.5,0.25,0
HYDE PARK,OH,24991,FROZEN PIZZA,11-May-11,1279.39,5.7,6.27,0.25,0.17,0
HYDE PARK,OH,24991,FROZEN PIZZA,18-May-11,1345.25,5.76,6.32,0.25,0.08,0
HYDE PARK,OH,24991,FROZEN PIZZA,25-May-11,678.65,5.74,6.2,0,0,0.33
HYDE PARK,OH,24991,FROZEN PIZZA,01-Jun-11,772.13,5.91,6.24,0,0,0.25
HYDE PARK,OH,24991,FROZEN PIZZA,08-Jun-11,1120.34,5.83,6.34,0.25,0,0.25
HYDE PARK,OH,24991,FROZEN PIZZA,15-Jun-11,1272.13,5.84,6.37,0.25,0,0.25
HYDE PARK,OH,24991,FROZEN PIZZA,22-Jun-11,867.48,6.02,6.37,0,0,0.25
HYDE PARK,OH,24991,FROZEN PIZZA,29-Jun-11,1114.36,5.5,6.43,0.25,0.17,0.17
HYDE PARK,OH,24991,FROZEN PIZZA,06-Jul-11,1404.65,5.12,6.47,0.5,0.5,0.08
HYDE PARK,OH,24991,FROZEN PIZZA,13-Jul-11,1453.73,5.12,6.31,0.5,0.5,0
HYDE PARK,OH,24991,FROZEN PIZZA,20-Jul-11,1141.88,5.49,6.3,0,0.25,0.17
HYDE PARK,OH,24991,FROZEN PIZZA,27-Jul-11,945.37,5.36,6.27,0.25,0.17,0.25
HYDE PARK,OH,24991,FROZEN PIZZA,03-Aug-11,1273.04,5.15,6.01,0.25,0.17,0.25
HYDE PARK,OH,24991,FROZEN PIZZA,10-Aug-11,1283.03,5.78,6.02,0.25,0.08,0
HYDE PARK,OH,24991,FROZEN PIZZA,17-Aug-11,1404.91,5.76,5.99,0.25,0.25,0
HYDE PARK,OH,24991,FROZEN PIZZA,24-Aug-11,940.9,5.89,6.13,0,0,0.25
HYDE PARK,OH,24991,FROZEN PIZZA,31-Aug-11,814.22,5.88,6.12,0,0,0.25
HYDE PARK,OH,24991,FROZEN PIZZA,07-Sep-11,1042.23,5.53,6.14,0,0,0.5
HYDE PARK,OH,24991,FROZEN PIZZA,14-Sep-11,1505.98,5.52,6.13,0,0.25,0.25
HYDE PARK,OH,24991,FROZEN PIZZA,21-Sep-11,1597.72,5.61,6.04,0.25,0.25,0
HYDE PARK,OH,24991,FROZEN PIZZA,28-Sep-11,1423.81,5.59,6.02,0.25,0.25,0
HYDE PARK,OH,24991,FROZEN PIZZA,05-Oct-11,1467.24,5.15,5.78,0,0.25,0
HYDE PARK,OH,24991,FROZEN PIZZA,12-Oct-11,1320.84,5.17,5.78,0.25,0.25,0
HYDE PARK,OH,24991,FROZEN PIZZA,19-Oct-11,978.95,5.9,5.96,0,0,0.08
HYDE PARK,OH,24991,FROZEN PIZZA,26-Oct-11,833.54,5.93,5.93,0,0,0
HYDE PARK,OH,24991,FROZEN PIZZA,02-Nov-11,982.68,5.96,5.96,0,0,0
HYDE PARK,OH,24991,FROZEN PIZZA,09-Nov-11,1344.93,5.38,5.96,0.25,0.25,0
HYDE PARK,OH,24991,FROZEN PIZZA,16-Nov-11,1449.39,5.2,5.79,0.25,0.17,0
HYDE PARK,OH,24991,FROZEN PIZZA,23-Nov-11,1549.93,5.74,5.81,0.25,0,0
HYDE PARK,OH,24991,FROZEN PIZZA,30-Nov-11,1132.63,5.73,5.8,0.25,0.17,0
HYDE PARK,OH,24991,FROZEN PIZZA,07-Dec-11,1192.57,5.79,5.79,0,0,0
HYDE PARK,OH,24991,FROZEN PIZZA,14-Dec-11,1104.82,5.79,5.79,0,0,0
HYDE PARK,OH,24991,FROZEN PIZZA,21-Dec-11,980.45,6.03,6.03,0,0,0
HYDE PARK,OH,24991,FROZEN PIZZA,28-Dec-11,613.1,5.94,5.94,0,0,0
HYDE PARK,OH,24991,FROZEN PIZZA,04-Jan-12,1477.39,5.1,5.94,0.75,0.33,0
